// Jest Snapshot v1, https://goo.gl/fbAQLP

exports[`The navigation bar should contain Matchs snapshot 1`] = `
<nav
  className="navbar navbar-expand-lg navbar-light bg-light"
>
  <button
    aria-controls="basic-navbar-nav"
    aria-label="Toggle navigation"
    className="navbar-toggler collapsed"
    onClick={[Function]}
    type="button"
  >
    <span
      className="navbar-toggler-icon"
    />
  </button>
  <div
    aria-expanded={null}
    className="navbar-collapse collapse"
    id="basic-navbar-nav"
  >
    <div
      className="mr-auto navbar-nav"
      onKeyDown={[Function]}
    >
      <a
        className="nav-link"
        data-rb-event-key="./"
        href="./"
        onClick={[Function]}
        onKeyDown={[Function]}
      >
        Home
      </a>
      <a
        className="nav-link"
        data-rb-event-key="./FavouriteList"
        href="./FavouriteList"
        onClick={[Function]}
        onKeyDown={[Function]}
      >
        Favourites
      </a>
      <a
        className="nav-link"
        data-rb-event-key="/Logout"
        href="/Logout"
        onClick={[Function]}
        onKeyDown={[Function]}
      >
        Logout
      </a>
    </div>
  </div>
  <span
    className="brand navbar-brand"
  >
    Houses
  </span>
  <div
    className="search"
  >
    <input
      aria-label="search"
      className="search__input"
      placeholder="enter your search"
      type="text"
    />
    <button
      aria-label="submit search"
      className="search__submit"
      type="button"
    >
      <svg
        fill="currentColor"
        height="1em"
        stroke="currentColor"
        strokeWidth="0"
        style={
          Object {
            "color": undefined,
          }
        }
        viewBox="0 0 512 512"
        width="1em"
        xmlns="http://www.w3.org/2000/svg"
      >
        <path
          d="M505 442.7L405.3 343c-4.5-4.5-10.6-7-17-7H372c27.6-35.3 44-79.7 44-128C416 93.1 322.9 0 208 0S0 93.1 0 208s93.1 208 208 208c48.3 0 92.7-16.4 128-44v16.3c0 6.4 2.5 12.5 7 17l99.7 99.7c9.4 9.4 24.6 9.4 33.9 0l28.3-28.3c9.4-9.4 9.4-24.6.1-34zM208 336c-70.7 0-128-57.2-128-128 0-70.7 57.2-128 128-128 70.7 0 128 57.2 128 128 0 70.7-57.2 128-128 128z"
        />
      </svg>
    </button>
  </div>
</nav>
`;
